Analyzing MAD_proj...                                           

   info - Use 'const' for final variables initialized to a constant value - lib\providers\health_provider.dart:155:5 - prefer_const_declarations
  error - Target of URI doesn't exist: '../utils/ants.dart' - lib\screens\add_health_data_screen.dart:7:8 - uri_does_not_exist
   info - Constructors in '@immutable' classes should be declared as 'const' - lib\screens\add_health_data_screen.dart:11:4 - prefer_const_constructors_in_immutables
  error - Undefined name 'Appants' - lib\screens\add_health_data_screen.dart:57:51 - undefined_identifier
  error - Undefined name 'Appants' - lib\screens\add_health_data_screen.dart:70:120 - undefined_identifier
  error - Undefined name 'Appants' - lib\screens\add_health_data_screen.dart:76:52 - undefined_identifier
  error - Undefined name 'Appants' - lib\screens\add_health_data_screen.dart:116:30 - undefined_identifier
  error - Undefined name 'Appants' - lib\screens\add_health_data_screen.dart:140:30 - undefined_identifier
  error - Undefined name 'Appants' - lib\screens\add_health_data_screen.dart:183:102 - undefined_identifier
  error - Undefined name 'Appants' - lib\screens\add_health_data_screen.dart:195:102 - undefined_identifier
  error - Undefined name 'Appants' - lib\screens\add_health_data_screen.dart:202:104 - undefined_identifier
  error - Undefined name 'Appants' - lib\screens\add_health_data_screen.dart:214:30 - undefined_identifier
  error - Undefined name 'Appants' - lib\screens\add_health_data_screen.dart:232:30 - undefined_identifier
  error - Undefined name 'Appants' - lib\screens\add_health_data_screen.dart:250:30 - undefined_identifier
  error - Undefined name 'Appants' - lib\screens\add_health_data_screen.dart:268:30 - undefined_identifier
  error - Undefined name 'Appants' - lib\screens\add_health_data_screen.dart:307:27 - undefined_identifier
  error - Undefined name 'Appants' - lib\screens\add_health_data_screen.dart:310:27 - undefined_identifier
  error - Undefined name 'Appants' - lib\screens\add_health_data_screen.dart:311:27 - undefined_identifier
  error - Undefined name 'Appants' - lib\screens\add_health_data_screen.dart:316:34 - undefined_identifier
  error - Undefined name 'Appants' - lib\screens\add_health_data_screen.dart:340:31 - undefined_identifier
  error - Undefined name 'Appants' - lib\screens\add_health_data_screen.dart:372:45 - undefined_identifier
  error - Undefined name 'Appants' - lib\screens\add_health_data_screen.dart:400:96 - undefined_identifier
  error - Undefined name 'Appants' - lib\screens\add_health_data_screen.dart:411:94 - undefined_identifier
  error - Undefined name 'Appants' - lib\screens\add_health_data_screen.dart:416:52 - undefined_identifier
  error - Undefined name 'Appants' - lib\screens\add_health_data_screen.dart:420:98 - undefined_identifier
  error - Undefined name 'Appants' - lib\screens\add_health_data_screen.dart:449:45 - undefined_identifier
  error - Undefined name 'Appants' - lib\screens\add_health_data_screen.dart:469:23 - undefined_identifier
  error - Undefined name 'Appants' - lib\screens\add_health_data_screen.dart:474:25 - undefined_identifier
  error - Undefined name 'Appants' - lib\screens\add_health_data_screen.dart:475:25 - undefined_identifier
  error - Undefined name 'Appants' - lib\screens\add_health_data_screen.dart:490:95 - undefined_identifier
  error - Undefined name 'Appants' - lib\screens\add_health_data_screen.dart:491:97 - undefined_identifier
  error - Undefined name 'Appants' - lib\screens\add_health_data_screen.dart:511:45 - undefined_identifier
  error - Undefined name 'Appants' - lib\screens\add_health_data_screen.dart:530:30 - undefined_identifier
  error - Undefined name 'Appants' - lib\screens\add_health_data_screen.dart:535:30 - undefined_identifier
  error - Undefined name 'Appants' - lib\screens\add_health_data_screen.dart:545:96 - undefined_identifier
  error - Undefined name 'Appants' - lib\screens\add_health_data_screen.dart:591:44 - undefined_identifier
  error - Undefined name 'Appants' - lib\screens\add_health_data_screen.dart:594:44 - undefined_identifier
  error - Undefined name 'Appants' - lib\screens\add_health_data_screen.dart:603:35 - undefined_identifier
  error - Undefined name 'Appants' - lib\screens\add_health_data_screen.dart:604:35 - undefined_identifier
  error - Undefined name 'Appants' - lib\screens\add_health_data_screen.dart:605:12 - undefined_identifier
  error - Undefined name 'Appants' - lib\screens\add_health_data_screen.dart:623:45 - undefined_identifier
  error - Undefined name 'Appants' - lib\screens\add_health_data_screen.dart:647:25 - undefined_identifier
  error - Undefined name 'Appants' - lib\screens\add_health_data_screen.dart:648:25 - undefined_identifier
  error - Undefined name 'Appants' - lib\screens\add_health_data_screen.dart:652:27 - undefined_identifier
  error - Undefined name 'Appants' - lib\screens\add_health_data_screen.dart:662:29 - undefined_identifier
  error - Undefined name 'Appants' - lib\screens\add_health_data_screen.dart:663:29 - undefined_identifier
  error - Undefined name 'Appants' - lib\screens\add_health_data_screen.dart:674:97 - undefined_identifier
  error - Undefined name 'Appants' - lib\screens\add_health_data_screen.dart:675:99 - undefined_identifier
  error - Undefined name 'Appants' - lib\screens\add_health_data_screen.dart:698:82 - undefined_identifier
   info - 'value' is deprecated and shouldn't be used. Use initialValue instead. This will set the initial value for the form field. This feature was deprecated after v3.33.0-1.0.pre - lib\screens\add_workout_screen.dart:119:19 - deprecated_member_use
   info - Don't use 'BuildContext's across async gaps, guarded by an unrelated 'mounted' check - lib\screens\dashboard_screen.dart:280:50 - use_build_context_synchronously
  error - The constructor being called isn't a const constructor - lib\screens\dashboard_screen.dart:1077:89 - const_with_non_const
  error - Target of URI doesn't exist: '../utils/ants.dart' - lib\screens\goals_screen.dart:9:8 - uri_does_not_exist
   info - Constructors in '@immutable' classes should be declared as 'const' - lib\screens\goals_screen.dart:14:4 - prefer_const_constructors_in_immutables
  error - Undefined name 'Appants' - lib\screens\goals_screen.dart:107:17 - undefined_identifier
  error - Undefined name 'Appants' - lib\screens\goals_screen.dart:108:17 - undefined_identifier
  error - Undefined name 'Appants' - lib\screens\goals_screen.dart:153:104 - undefined_identifier
  error - Undefined name 'Appants' - lib\screens\goals_screen.dart:157:32 - undefined_identifier
  error - Undefined name 'Appants' - lib\screens\goals_screen.dart:164:98 - undefined_identifier
  error - Undefined name 'Appants' - lib\screens\goals_screen.dart:178:33 - undefined_identifier
  error - Undefined name 'Appants' - lib\screens\goals_screen.dart:183:36 - undefined_identifier
  error - Undefined name 'Appants' - lib\screens\goals_screen.dart:192:36 - undefined_identifier
  error - Undefined name 'Appants' - lib\screens\goals_screen.dart:204:96 - undefined_identifier
  error - Undefined name 'Appants' - lib\screens\goals_screen.dart:223:38 - undefined_identifier
  error - Undefined name 'Appants' - lib\screens\goals_screen.dart:227:110 - undefined_identifier
  error - Undefined name 'Appants' - lib\screens\goals_screen.dart:238:28 - undefined_identifier
  error - Undefined name 'Appants' - lib\screens\goals_screen.dart:249:28 - undefined_identifier
  error - Undefined name 'Appants' - lib\screens\goals_screen.dart:260:28 - undefined_identifier
  error - Undefined name 'Appants' - lib\screens\goals_screen.dart:272:28 - undefined_identifier
  error - Undefined name 'Appants' - lib\screens\goals_screen.dart:288:31 - undefined_identifier
  error - Undefined name 'Appants' - lib\screens\goals_screen.dart:289:31 - undefined_identifier
  error - Undefined name 'Appants' - lib\screens\goals_screen.dart:294:38 - undefined_identifier
  error - Undefined name 'Appants' - lib\screens\goals_screen.dart:358:9 - undefined_identifier
  error - Undefined name 'Appants' - lib\screens\goals_screen.dart:364:9 - undefined_identifier
  error - Undefined name 'Appants' - lib\screens\goals_screen.dart:375:9 - undefined_identifier
  error - Undefined name 'Appants' - lib\screens\goals_screen.dart:381:9 - undefined_identifier
  error - Undefined name 'Appants' - lib\screens\goals_screen.dart:392:9 - undefined_identifier
  error - Undefined name 'Appants' - lib\screens\goals_screen.dart:399:9 - undefined_identifier
  error - Undefined name 'Appants' - lib\screens\goals_screen.dart:428:94 - undefined_identifier
  error - Undefined name 'Appants' - lib\screens\goals_screen.dart:495:98 - undefined_identifier
  error - Undefined name 'Appants' - lib\screens\goals_screen.dart:503:34 - undefined_identifier
  error - Undefined name 'Appants' - lib\screens\goals_screen.dart:526:32 - undefined_identifier
  error - Target of URI doesn't exist: '../utils/ants.dart' - lib\screens\history_screen.dart:7:8 - uri_does_not_exist
   info - Constructors in '@immutable' classes should be declared as 'const' - lib\screens\history_screen.dart:17:4 - prefer_const_constructors_in_immutables
  error - Undefined name 'Appants' - lib\screens\history_screen.dart:75:106 - undefined_identifier
  error - Undefined name 'Appants' - lib\screens\history_screen.dart:87:106 - undefined_identifier
  error - Undefined name 'Appants' - lib\screens\history_screen.dart:94:108 - undefined_identifier
  error - Undefined name 'Appants' - lib\screens\history_screen.dart:112:26 - undefined_identifier
  error - Undefined name 'Appants' - lib\screens\history_screen.dart:120:44 - undefined_identifier
  error - Undefined name 'Appants' - lib\screens\history_screen.dart:134:26 - undefined_identifier
  error - Undefined name 'Appants' - lib\screens\history_screen.dart:142:44 - undefined_identifier
  error - Undefined name 'Appants' - lib\screens\history_screen.dart:156:26 - undefined_identifier
  error - Undefined name 'Appants' - lib\screens\history_screen.dart:164:44 - undefined_identifier
  error - Undefined name 'Appants' - lib\screens\history_screen.dart:184:100 - undefined_identifier
  error - Undefined name 'Appants' - lib\screens\history_screen.dart:210:33 - undefined_identifier
  error - Undefined name 'Appants' - lib\screens\history_screen.dart:218:36 - undefined_identifier
  error - Undefined name 'Appants' - lib\screens\history_screen.dart:260:17 - undefined_identifier
  error - Undefined name 'Appants' - lib\screens\history_screen.dart:261:17 - undefined_identifier
  error - Undefined name 'Appants' - lib\screens\history_screen.dart:269:46 - undefined_identifier
  error - Undefined name 'Appants' - lib\screens\history_screen.dart:285:45 - undefined_identifier
  error - Undefined name 'Appants' - lib\screens\history_screen.dart:313:92 - undefined_identifier
  error - Undefined name 'Appants' - lib\screens\history_screen.dart:332:32 - undefined_identifier
  error - Undefined name 'Appants' - lib\screens\history_screen.dart:342:24 - undefined_identifier
  error - Undefined name 'Appants' - lib\screens\history_screen.dart:355:21 - undefined_identifier
  error - Undefined name 'Appants' - lib\screens\history_screen.dart:356:21 - undefined_identifier
  error - Undefined name 'Appants' - lib\screens\history_screen.dart:366:24 - undefined_identifier
  error - Undefined name 'Appants' - lib\screens\history_screen.dart:386:18 - undefined_identifier
  error - Undefined name 'Appants' - lib\screens\history_screen.dart:387:47 - undefined_identifier
  error - Undefined name 'Appants' - lib\screens\history_screen.dart:389:51 - undefined_identifier
  error - Undefined name 'Appants' - lib\screens\history_screen.dart:396:51 - undefined_identifier
  error - Undefined name 'Appants' - lib\screens\history_screen.dart:406:120 - undefined_identifier
  error - Undefined name 'Appants' - lib\screens\history_screen.dart:412:52 - undefined_identifier
  error - Undefined name 'Appants' - lib\screens\history_screen.dart:422:47 - undefined_identifier
  error - Undefined name 'Appants' - lib\screens\history_screen.dart:437:24 - undefined_identifier
  error - Undefined name 'Appants' - lib\screens\history_screen.dart:445:26 - undefined_identifier
  error - Undefined name 'Appants' - lib\screens\history_screen.dart:459:96 - undefined_identifier
  error - Undefined name 'Appants' - lib\screens\history_screen.dart:466:98 - undefined_identifier
  error - Target of URI doesn't exist: '../utils/ants.dart' - lib\screens\login_screen.dart:5:8 - uri_does_not_exist
   info - Constructors in '@immutable' classes should be declared as 'const' - lib\screens\login_screen.dart:10:4 - prefer_const_constructors_in_immutables
  error - Undefined name 'Appants' - lib\screens\login_screen.dart:48:28 - undefined_identifier
  error - Undefined name 'Appants' - lib\screens\login_screen.dart:88:98 - undefined_identifier
  error - Undefined name 'Appants' - lib\screens\login_screen.dart:99:94 - undefined_identifier
  error - Undefined name 'Appants' - lib\screens\login_screen.dart:108:96 - undefined_identifier
  error - Undefined name 'Appants' - lib\screens\login_screen.dart:122:59 - undefined_identifier
  error - Undefined name 'Appants' - lib\screens\login_screen.dart:124:32 - undefined_identifier
  error - Undefined name 'Appants' - lib\screens\login_screen.dart:140:59 - undefined_identifier
  error - Undefined name 'Appants' - lib\screens\login_screen.dart:142:32 - undefined_identifier
  error - Undefined name 'Appants' - lib\screens\login_screen.dart:148:32 - undefined_identifier
  error - Undefined name 'Appants' - lib\screens\login_screen.dart:168:31 - undefined_identifier
  error - Undefined name 'Appants' - lib\screens\login_screen.dart:171:31 - undefined_identifier
  error - Undefined name 'Appants' - lib\screens\login_screen.dart:172:31 - undefined_identifier
  error - Undefined name 'Appants' - lib\screens\login_screen.dart:177:38 - undefined_identifier
  error - Undefined name 'Appants' - lib\screens\login_screen.dart:191:35 - undefined_identifier
  error - Undefined name 'Appants' - lib\screens\login_screen.dart:226:100 - undefined_identifier
  error - Undefined name 'Appants' - lib\screens\login_screen.dart:241:34 - undefined_identifier
  error - Undefined name 'Appants' - lib\screens\login_screen.dart:262:82 - undefined_identifier
  error - Target of URI doesn't exist: '../utils/ants.dart' - lib\screens\profile_screen.dart:7:8 - uri_does_not_exist
   info - Constructors in '@immutable' classes should be declared as 'const' - lib\screens\profile_screen.dart:13:4 - prefer_const_constructors_in_immutables
  error - Undefined name 'Appants' - lib\screens\profile_screen.dart:116:25 - undefined_identifier
  error - Undefined name 'Appants' - lib\screens\profile_screen.dart:116:48 - undefined_identifier
  error - Undefined name 'Appants' - lib\screens\profile_screen.dart:131:47 - undefined_identifier
  error - Undefined name 'Appants' - lib\screens\profile_screen.dart:141:119 - undefined_identifier
  error - Undefined name 'Appants' - lib\screens\profile_screen.dart:146:51 - undefined_identifier
  error - Undefined name 'Appants' - lib\screens\profile_screen.dart:195:104 - undefined_identifier
  error - Undefined name 'Appants' - lib\screens\profile_screen.dart:204:100 - undefined_identifier
  error - Undefined name 'Appants' - lib\screens\profile_screen.dart:223:36 - undefined_identifier
  error - Undefined name 'Appants' - lib\screens\profile_screen.dart:238:25 - undefined_identifier
  error - Undefined name 'Appants' - lib\screens\profile_screen.dart:239:25 - undefined_identifier
  error - Undefined name 'Appants' - lib\screens\profile_screen.dart:244:32 - undefined_identifier
  error - Undefined name 'Appants' - lib\screens\profile_screen.dart:269:96 - undefined_identifier
  error - Undefined name 'Appants' - lib\screens\profile_screen.dart:287:38 - undefined_identifier
  error - Undefined name 'Appants' - lib\screens\profile_screen.dart:298:40 - undefined_identifier
   info - 'activeColor' is deprecated and shouldn't be used. Use activeThumbColor instead. This feature was deprecated after v3.31.0-2.0.pre - lib\screens\profile_screen.dart:309:35 - deprecated_member_use
  error - Undefined name 'Appants' - lib\screens\profile_screen.dart:309:48 - undefined_identifier
  error - Undefined name 'Appants' - lib\screens\profile_screen.dart:326:29 - undefined_identifier
  error - Undefined name 'Appants' - lib\screens\profile_screen.dart:330:32 - undefined_identifier
  error - Undefined name 'Appants' - lib\screens\profile_screen.dart:341:34 - undefined_identifier
  error - Undefined name 'Appants' - lib\screens\profile_screen.dart:350:36 - undefined_identifier
  error - Undefined name 'Appants' - lib\screens\profile_screen.dart:367:40 - undefined_identifier
  error - Undefined name 'Appants' - lib\screens\profile_screen.dart:371:112 - undefined_identifier
  error - Undefined name 'Appants' - lib\screens\profile_screen.dart:383:38 - undefined_identifier
  error - Undefined name 'Appants' - lib\screens\profile_screen.dart:394:38 - undefined_identifier
  error - Undefined name 'Appants' - lib\screens\profile_screen.dart:417:38 - undefined_identifier
  error - Undefined name 'Appants' - lib\screens\profile_screen.dart:438:38 - undefined_identifier
  error - Undefined name 'Appants' - lib\screens\profile_screen.dart:465:41 - undefined_identifier
  error - Undefined name 'Appants' - lib\screens\profile_screen.dart:466:41 - undefined_identifier
  error - Undefined name 'Appants' - lib\screens\profile_screen.dart:471:48 - undefined_identifier
  error - Undefined name 'Appants' - lib\screens\profile_screen.dart:527:44 - undefined_identifier
  error - Undefined name 'Appants' - lib\screens\profile_screen.dart:532:44 - undefined_identifier
  error - Undefined name 'Appants' - lib\screens\profile_screen.dart:539:46 - undefined_identifier
  error - Undefined name 'Appants' - lib\screens\profile_screen.dart:542:41 - undefined_identifier
  error - Undefined name 'Appants' - lib\screens\profile_screen.dart:590:94 - undefined_identifier
  error - Undefined name 'Appants' - lib\screens\profile_screen.dart:590:182 - undefined_identifier
  error - Undefined name 'Appants' - lib\screens\profile_screen.dart:596:88 - undefined_identifier
  error - Undefined name 'Appants' - lib\screens\profile_screen.dart:610:17 - undefined_identifier
  error - Undefined name 'Appants' - lib\screens\profile_screen.dart:618:22 - undefined_identifier
  error - Undefined name 'Appants' - lib\screens\profile_screen.dart:624:22 - undefined_identifier
  error - Undefined name 'Appants' - lib\screens\profile_screen.dart:631:22 - undefined_identifier
  error - Undefined name 'Appants' - lib\screens\profile_screen.dart:668:19 - undefined_identifier
  error - Undefined name 'Appants' - lib\screens\profile_screen.dart:678:24 - undefined_identifier
  error - Undefined name 'Appants' - lib\screens\profile_screen.dart:682:26 - undefined_identifier
  error - Undefined name 'Appants' - lib\screens\profile_screen.dart:692:98 - undefined_identifier
  error - Undefined name 'Appants' - lib\screens\profile_screen.dart:703:97 - undefined_identifier
  error - Undefined name 'Appants' - lib\screens\profile_screen.dart:704:99 - undefined_identifier
  error - Undefined name 'Appants' - lib\screens\profile_screen.dart:715:28 - undefined_identifier
  error - Undefined name 'Appants' - lib\screens\profile_screen.dart:738:17 - undefined_identifier
  error - Undefined name 'Appants' - lib\screens\profile_screen.dart:748:22 - undefined_identifier
  error - Undefined name 'Appants' - lib\screens\profile_screen.dart:752:24 - undefined_identifier
  error - Undefined name 'Appants' - lib\screens\profile_screen.dart:762:96 - undefined_identifier
  error - Undefined name 'Appants' - lib\screens\profile_screen.dart:773:100 - undefined_identifier
  error - Undefined name 'Appants' - lib\screens\profile_screen.dart:794:104 - undefined_identifier
  error - Target of URI doesn't exist: '../utils/ants.dart' - lib\screens\signup_screen.dart:5:8 - uri_does_not_exist
   info - Constructors in '@immutable' classes should be declared as 'const' - lib\screens\signup_screen.dart:10:4 - prefer_const_constructors_in_immutables
  error - Undefined name 'Appants' - lib\screens\signup_screen.dart:57:28 - undefined_identifier
  error - Undefined name 'Appants' - lib\screens\signup_screen.dart:97:98 - undefined_identifier
  error - Undefined name 'Appants' - lib\screens\signup_screen.dart:108:94 - undefined_identifier
  error - Undefined name 'Appants' - lib\screens\signup_screen.dart:117:96 - undefined_identifier
  error - Undefined name 'Appants' - lib\screens\signup_screen.dart:130:59 - undefined_identifier
  error - Undefined name 'Appants' - lib\screens\signup_screen.dart:132:32 - undefined_identifier
  error - Undefined name 'Appants' - lib\screens\signup_screen.dart:148:59 - undefined_identifier
  error - Undefined name 'Appants' - lib\screens\signup_screen.dart:150:32 - undefined_identifier
  error - Undefined name 'Appants' - lib\screens\signup_screen.dart:166:59 - undefined_identifier
  error - Undefined name 'Appants' - lib\screens\signup_screen.dart:168:32 - undefined_identifier
  error - Undefined name 'Appants' - lib\screens\signup_screen.dart:174:32 - undefined_identifier
  error - Undefined name 'Appants' - lib\screens\signup_screen.dart:209:42 - undefined_identifier
  error - Undefined name 'Appants' - lib\screens\signup_screen.dart:212:42 - undefined_identifier
  error - Undefined name 'Appants' - lib\screens\signup_screen.dart:243:42 - undefined_identifier
  error - Undefined name 'Appants' - lib\screens\signup_screen.dart:246:42 - undefined_identifier
  error - Undefined name 'Appants' - lib\screens\signup_screen.dart:275:31 - undefined_identifier
  error - Undefined name 'Appants' - lib\screens\signup_screen.dart:278:31 - undefined_identifier
  error - Undefined name 'Appants' - lib\screens\signup_screen.dart:279:31 - undefined_identifier
  error - Undefined name 'Appants' - lib\screens\signup_screen.dart:284:38 - undefined_identifier
  error - Undefined name 'Appants' - lib\screens\signup_screen.dart:298:35 - undefined_identifier
  error - Undefined name 'Appants' - lib\screens\signup_screen.dart:333:100 - undefined_identifier
  error - Undefined name 'Appants' - lib\screens\signup_screen.dart:348:34 - undefined_identifier
  error - Undefined name 'Appants' - lib\screens\signup_screen.dart:369:82 - undefined_identifier
  error - The constructor being called isn't a const constructor - lib\screens\welcome_screen.dart:149:45 - const_with_non_const
  error - The constructor being called isn't a const constructor - lib\screens\welcome_screen.dart:190:45 - const_with_non_const

